1011111111110010000000000000000000000000000000000000000000000000
