00111111111111111001000000000100000110101010110001010011101100000101001110110000
