0100000001100000100010000000000000000000000000000000000000000000
