01000000000011011111101101110111000001100110011001100110011001100110011001100110
