0011111111110011110000001100101000101010010110110001110101011101
