01000000000000011110011110111000101001011100111001011011010000100101101101000010
