11000000000000111010110000000000000000000000000000000000000000000000000000000000
