0100000001101101010010100101111000110101001111110111110011101110
