11000000000001101001110100011111000111101011011010100100011011001010010001101100
