1100000000101111110000000000000000000000000000000000000000000000
